// Jest Snapshot v1, https://goo.gl/fbAQLP

exports[`<Sidebar /> Should match snapshot 1`] = `"<div></div>"`;
